[pankajchaudhary.me/index.html]
[backblue.gif]
[fade.gif]
[index.html]
[framerusercontent.com/assets/F4tzJiiHTObIqTGKUudZ0GlcIg.png]
[pankajchaudhary.me/&apos;https_/framerusercontent.com/images/rR6HYXBrMmX4cRpXfXUOvpvpB0.1.delayed]
[pankajchaudhary.me/about.html]
[pankajchaudhary.me/works.html]
[pankajchaudhary.me/contact.html]
[framerusercontent.com/images/9FSoJrwP2nnmVpjMhu0c6sdt7pY.jpg]
[pankajchaudhary.me/&apos;data_image/svg+xml;utf8,_svg xmlns=_http_/www.w3.org/2000/svg_ xmlns_xlink=_http_/www.w3.org/1999/xlink_ viewBox=_0 0 24 24___path d=_M 9 6 L 15 12 L 9 18_ fill=_transparent_ stroke-width=]
[framerusercontent.com/images/4yXrocekf6UMOGsrZMbIPqLaVrw.jpg]
[framerusercontent.com/images/G4DoqmaQPxpL5VsDinqGsA8G3yI.jpg]
[framerusercontent.com/images/HeTUyJvqJGyvjE0WaXzQLs0X3M.jpg]
[framerusercontent.com/images/cxe8z5OZBMTN7lMn6FsV9HJkw.jpg]
[framerusercontent.com/images/QIgk2MMh9xkDodmze8VRmDa8CbQ.jpg]
[framerusercontent.com/images/6BA6vySZ4k02zcT4QG9QliVI.jpg]
[framerusercontent.com/images/5nmkLWZI5NtBqEhgnIpVMCdM4.jpg]
[framerusercontent.com/images/nlpAsoDC953WJEYMOHgbYuDEDIs.jpg]
[framerusercontent.com/images/ocCieBxwtrhyqKKNUjII1Dp9SWQ.jpg]
[framerusercontent.com/images/3t5uZo7knjGlKspWcqGbpT9hfV4.png]
[framerusercontent.com/images/t2B0YB6REnKg3c2chXpA24LRc.png]
[framerusercontent.com/images/aeIshkSr6qscrza6wOYCwGmrc.png]
[framerusercontent.com/images/uFIL7TzMA97ayOGSgROsjN6F9z0.png]
[framerusercontent.com/images/PaNiZ9lAm50iroeQqhPyaqy5s.png]
[framerusercontent.com/images/EdvYfexBETJtj17sRFf4epAqdcU.png]
[framerusercontent.com/images/XaDAagX0NAAoE5BGcwkYYq2vsk.png]
[framerusercontent.com/images/uWIo7bi2yC0IP1Y8a2wGmLRroOI.png]
[framerusercontent.com/images/ygZp2AaoITjYgck08nokEQ33qI.png]
[framerusercontent.com/images/2bBKJVdgJzqInIYaoUXMLRdqGBU.png]
[framerusercontent.com/images/6gJ6M7tyhVvK2ItePT9te8I6n64.png]
[framerusercontent.com/images/4JjWurh4QIZ2pai42Tdi4rTQMQ.png]
[framerusercontent.com/images/hCTcG7v6tXgTHMU2Sm5yXaN63Tw.png]
[framerusercontent.com/images/bcZ908fxB7xb5eX9utg2CocgRSM.png]
[framerusercontent.com/images/iQql59b3md1LYLvmk5rRbX4Bh0E.png]
[framerusercontent.com/images/eNgOIwZPim5CgwmLxPA2HQhefWs.png]
[framerusercontent.com/images/0Be25LWhxkrfKTyZCC7W3IdKpFs.png]
[framerusercontent.com/images/NpgWUndfFWc6oqBz6Wh9beXndec.png]
[framerusercontent.com/images/e3GSXZFPEao8zuvpg8lBJQQyNs.jpg]
[pankajchaudhary.me/&apos;data_image/svg+xml;utf8,_svg xmlns=_http_/www.w3.org/2000/svg_ xmlns_xlink=_http_/www.w3.org/1999/xlink_ viewBox=_0 0 28 28___path d=_M 10.5 7 L 17.5 14 L 10.23.delayed]
[framerusercontent.com/images/gscs1u80vjNxi0oMOhMM04G9aQ.png]
[framerusercontent.com/images/ojaHz4MjkvjmRGaUWz2C007xI.png]
[framerusercontent.com/images/cgWEPCt6lJA3n0yi7vUCtYru1A.png]
[pankajchaudhary.me/index.html]
[pankajchaudhary.me/&apos;https_/framerusercontent.com/images/rR6HYXBrMmX4cRpXfXUOvpvpB0.html]
[pankajchaudhary.me/&apos;data_image/svg+xml;utf8,_svg xmlns=_http_/www.w3.org/2000/svg_ xmlns_xlink=_http_/www.w3.org/1999/xlink_ viewBox=_0 0 20 20___path d=_M 1.161 10 L 18.839 10 M 18.839 10 L 12.21 3.371 M 18]
[framerusercontent.com/assets/SQ8ywGqkXjtfC8t8T7zAfgBF4.jpg]
[framerusercontent.com/images/1EVuXExjeYMEAzNSrMCCJVNJE.jpg]
[framerusercontent.com/images/krzrnTLv06q78sD1SVR7GRvI0.jpg]
[framerusercontent.com/images/5ybfQ16o942I1e0eWHg8pDypxA.jpg]
[framerusercontent.com/images/0pzzomfi4miRkOI4ODiQL2I7k.png]
[framerusercontent.com/images/ae8aRPKCJVx7UKQCspnTA1UtKRg.png]
[framerusercontent.com/images/xjF1KPEOHTEOfhKAeGWaAGuoXVE.jpg]
[framerusercontent.com/images/5boIQHFFD6JQP7sdhxqxRD6yzTc.jpg]
[framerusercontent.com/images/KaaDpk66sXHs4WoRWvl4JdYEA.jpg]
[framerusercontent.com/images/mhy90q4nwNr4r8GnlsgXnXFDv4.jpg]
[pankajchaudhary.me/about.html]
[framerusercontent.com/images/zSeXfLPfJYRQV2bs7ecu8bB4Y.jpg]
[framerusercontent.com/images/1wWGdnNDwwKzM4CXWMXUM6hRE0.jpg]
[framerusercontent.com/images/1ZmPeayZuOO8AuLKHGdiErr6w1s.png]
[framerusercontent.com/images/4BUfV6HReM7vUQnS0pc6Ohm1Oys.png]
[framerusercontent.com/images/xQPBH1EgiwYBmUniw2QZlhxTM7E.png]
[framerusercontent.com/images/ZUNXX3VaAL7aTqoXnazDPmuUd0c.png]
[framerusercontent.com/images/vYqw4FLhSF6QYAx01Bj9uMBKm28.png]
[framerusercontent.com/images/C4wRRg5ZOlTxsqi9TGVkoNDtL2g.jpg]
[framerusercontent.com/images/mDiZSZDrdmZxzMkYE4LOsKhGOZs.jpg]
[framerusercontent.com/images/1w7J4JOrILj0DOv3GdpgvUjFLA.jpg]
[framerusercontent.com/images/3tVeLcIJJByZiAmP0zB9FSW7aI.jpg]
[framerusercontent.com/images/Ie5QLMGXnnLN3boKRTI0kZ5OvGQ.jpg]
[framerusercontent.com/images/wlhvPXtiCCX7SEsK4nmaLtLaM.jpg]
[pankajchaudhary.me/works.html]
[framerusercontent.com/images/hSZ4GRRczlqLHv1DVL4mYsoPCx8.png]
[framerusercontent.com/images/5ZHIRe7jmvgycXbtZ7i0WTo6g.png]
[pankajchaudhary.me/contact.html]
[pankajchaudhary.me/&apos;data_image/svg+xml;utf8,_svg xmlns=_http_/www.w3.org/2000/svg_ xmlns_xlink=_http_/www.w3.org/1999/xlink_ viewBox=_0 0 24 24___path d=_M 9 6 L 15 12 L 9 18_ fill=_transparent_ stroke-width=]
[pankajchaudhary.me/&apos;data_image/svg+xml;utf8,_svg xmlns=_http_/www.w3.org/2000/svg_ xmlns_xlink=_http_/www.w3.org/1999/xlink_ viewBox=_0 0 28 28___path d=_M 10.5 7 L 17.5 14 L 10.html]
[pankajchaudhary.me/&apos;data_image/svg+xml;utf8,_svg xmlns=_http_/www.w3.org/2000/svg_ xmlns_xlink=_http_/www.w3.org/1999/xlink_ viewBox=_0 0 20 20___path d=_M 1.161 10 L 18.839 10 M 18.839 10 L 12.21 3.371 M 18]
